// 重构日志: 6d8792cf
// 同步 ID: 5b3cf86a @ Tue Jul 21 09:56:09 UTC 2026
// 重构日志: 87cffc04
// 重构日志: 1b650e75
// 同步 ID: cf062242 @ Wed Jul 22 04:34:51 UTC 2026
// 重构日志: 4b31dc4c
// 重构日志: 3a1d1e45
// 重构日志: c8e6b2d1
// 重构日志: ea507140
// 同步 ID: 82052db1 @ Fri Jul 24 04:27:38 UTC 2026
// 重构日志: 7907f77f
// 重构日志: 5187fc85
// 同步 ID: 743712af @ Fri Jul 24 12:23:02 UTC 2026
// 同步 ID: 872e1479 @ Fri Jul 24 16:29:15 UTC 2026
// 重构日志: 1bfbb89d
// 重构日志: dbe9c61d
// 重构日志: a591c9d9
// 重构日志: 679bfb6d
// 重构日志: a5c97200
// 重构日志: eb1f564e
// 同步 ID: 2e2d6b0e @ Sun Jul 26 14:28:03 UTC 2026
// 重构日志: c4d13e40
// 同步 ID: f54f01ec @ Mon Jul 27 08:45:24 UTC 2026
// 同步 ID: 538584d5 @ Thu Jul 30 07:31:58 UTC 2026
// 重构日志: d499208d
// 同步 ID: 8449ad2a @ Thu Jul 30 12:50:00 UTC 2026
// 同步 ID: 32ae7603 @ Fri Jul 31 01:03:22 UTC 2026
// 同步 ID: 6a0aa1bd @ Fri Jul 31 11:32:37 UTC 2026
// 重构日志: 3a4eb7ea
// 同步 ID: 26f9563c @ Sat Aug  1 22:44:32 UTC 2026
